../Core/Src/main.c:87:5:main	8	static
../Core/Src/main.c:144:6:SystemClock_Config	88	static
../Core/Src/main.c:190:13:MX_TIM1_Init	80	static
../Core/Src/main.c:255:13:MX_TIM2_Init	48	static
../Core/Src/main.c:304:13:MX_TIM3_Init	48	static
../Core/Src/main.c:353:13:MX_TIM4_Init	48	static
../Core/Src/main.c:402:13:MX_TIM5_Init	48	static
../Core/Src/main.c:451:13:MX_TIM9_Init	40	static
../Core/Src/main.c:493:13:MX_TIM10_Init	40	static
../Core/Src/main.c:539:13:MX_TIM11_Init	40	static
../Core/Src/main.c:585:13:MX_USART1_UART_Init	8	static
../Core/Src/main.c:618:13:MX_USB_OTG_FS_PCD_Init	8	static
../Core/Src/main.c:653:13:MX_GPIO_Init	48	static
../Core/Src/main.c:713:6:Error_Handler	4	static,ignoring_inline_asm
