../Core/Src/midi.c:35:6:motor_init	40	static
../Core/Src/midi.c:57:6:midi_enable_recieve	8	static
../Core/Src/midi.c:61:6:stepper_freq	24	static
../Core/Src/midi.c:82:6:enable_sleep	8	static
../Core/Src/midi.c:86:6:disable_sleep	8	static
../Core/Src/midi.c:90:6:note_on	48	static
../Core/Src/midi.c:149:6:note_off	24	static
../Core/Src/midi.c:168:6:process_midi_msg	16	static
../Core/Src/midi.c:193:6:MIDI_ProcessByte	16	static,ignoring_inline_asm
../Core/Src/midi.c:245:6:tud_midi_rx_cb	16	static,ignoring_inline_asm
../Core/Src/midi.c:263:6:HAL_UART_RxCpltCallback	16	static
../Core/Src/midi.c:271:6:setup	16	static
../Core/Src/midi.c:291:6:loop	8	static
